192.168.1.X - - [10/Aug/2026:20:12:44 +0530] "GET /assets/images/corporate-events.png HTTP/1.1" 200 5969
192.168.1.X - - [10/Aug/2026:20:12:44 +0530] "GET /assets/images/festivals.png HTTP/1.1" 200 4425
192.168.1.X - - [10/Aug/2026:20:12:44 +0530] "GET /assets/images/concert.png HTTP/1.1" 200 2617893
192.168.1.X - - [10/Aug/2026:20:12:44 +0530] "GET /assets/JS/bootstrap.bundle.min.js HTTP/1.1" 200 92416
192.168.1.X - - [10/Aug/2026:20:12:44 +0530] "GET /assets/images/Networking%20night.png HTTP/1.1" 200 2296577
192.168.1.X - - [10/Aug/2026:20:12:44 +0530] "GET /assets/images/Holi.png HTTP/1.1" 200 3193844
192.168.1.X - - [10/Aug/2026:20:12:44 +0530] "GET /assets/images/why-choose-us.png HTTP/1.1" 200 2265311
192.168.1.X - - [10/Aug/2026:20:12:45 +0530] "GET /assets/images/spotlight-banner.png HTTP/1.1" 200 2238859
192.168.1.X - - [10/Aug/2026:20:12:45 +0530] "GET /assets/images/electric-guitar.png HTTP/1.1" 200 12996
192.168.1.X - - [10/Aug/2026:20:12:45 +0530] "GET /assets/images/mask.png HTTP/1.1" 200 8723
192.168.1.X - - [10/Aug/2026:20:12:45 +0530] "GET /assets/images/choose-us-bg.png HTTP/1.1" 200 2451191
192.168.1.X - - [10/Aug/2026:20:12:47 +0530] "GET /assets/images/icon.png HTTP/1.1" 200 2934976
192.168.1.X - - [10/Aug/2026:20:17:12 +0530] "GET /?route=register HTTP/1.1" 200 2733
192.168.1.X - - [10/Aug/2026:20:17:12 +0530] "GET /assets/images/register-background.png HTTP/1.1" 200 2434894
192.168.1.X - - [10/Aug/2026:20:17:32 +0530] "-" 408 -
192.168.1.X - - [10/Aug/2026:20:18:30 +0530] "POST /?route=register HTTP/1.1" 302 -
192.168.1.X - - [10/Aug/2026:20:18:30 +0530] "GET /?route=login HTTP/1.1" 200 2119
192.168.1.X - - [10/Aug/2026:20:18:30 +0530] "GET /assets/images/bg-login.png HTTP/1.1" 200 2426842
192.168.1.X - - [10/Aug/2026:20:18:41 +0530] "POST /?route=login HTTP/1.1" 302 -
192.168.1.X - - [10/Aug/2026:20:18:41 +0530] "GET /?route=dashboard HTTP/1.1" 200 8258
192.168.1.X - - [10/Aug/2026:20:18:42 +0530] "GET /assets/css/dashboard-event.css HTTP/1.1" 200 2214
192.168.1.X - - [10/Aug/2026:20:18:42 +0530] "GET /api/events HTTP/1.1" 404 236
192.168.1.X - - [10/Aug/2026:20:19:01 +0530] "-" 408 -
192.168.1.X - - [10/Aug/2026:20:20:45 +0530] "GET /?route=events HTTP/1.1" 200 18680
192.168.1.X - - [10/Aug/2026:20:21:05 +0530] "-" 408 -
192.168.1.X - - [10/Aug/2026:20:21:29 +0530] "POST /?route=payment HTTP/1.1" 200 4903
192.168.1.X - - [10/Aug/2026:20:21:29 +0530] "GET /... HTTP/1.1" 403 239
192.168.1.X - - [10/Aug/2026:20:21:49 +0530] "-" 408 -
192.168.1.X - - [10/Aug/2026:20:22:01 +0530] "POST /?route=initiatePayment HTTP/1.1" 302 -
192.168.1.X - - [10/Aug/2026:20:22:01 +0530] "GET /?route=dashboard HTTP/1.1" 200 8258
192.168.1.X - - [10/Aug/2026:20:22:01 +0530] "GET /api/events HTTP/1.1" 404 236
192.168.1.X - - [10/Aug/2026:20:22:13 +0530] "GET /?route=initiatePayment HTTP/1.1" 200 887
192.168.1.X - - [10/Aug/2026:20:22:13 +0530] "GET /favicon.ico HTTP/1.1" 404 236
192.168.1.X - - [10/Aug/2026:20:22:15 +0530] "GET /?route=initiatePayment HTTP/1.1" 200 887
192.168.1.X - - [10/Aug/2026:20:22:16 +0530] "GET /?route=initiatePayment HTTP/1.1" 200 887
192.168.1.X - - [10/Aug/2026:20:22:20 +0530] "POST /?route=payment HTTP/1.1" 200 4903
192.168.1.X - - [10/Aug/2026:20:22:20 +0530] "GET /... HTTP/1.1" 403 239
192.168.1.X - - [10/Aug/2026:20:22:23 +0530] "GET /?route=login HTTP/1.1" 200 2119
192.168.1.X - - [10/Aug/2026:20:22:26 +0530] "GET /?route=login HTTP/1.1" 200 2119
192.168.1.X - - [10/Aug/2026:20:22:26 +0530] "GET /?route=dashboard HTTP/1.1" 200 8258
192.168.1.X - - [10/Aug/2026:20:22:26 +0530] "GET /api/events HTTP/1.1" 404 236
192.168.1.X - - [10/Aug/2026:20:22:36 +0530] "GET /?route=logout HTTP/1.1" 302 -
192.168.1.X - - [10/Aug/2026:20:22:36 +0530] "GET /?route=home HTTP/1.1" 200 12944
192.168.1.X - - [10/Aug/2026:20:22:39 +0530] "GET /?route=login HTTP/1.1" 200 2119
192.168.1.X - - [10/Aug/2026:20:22:41 +0530] "GET /?route=home HTTP/1.1" 200 12944
192.168.1.X - - [10/Aug/2026:20:22:48 +0530] "GET /?route=admin HTTP/1.1" 200 2097
192.168.1.X - - [10/Aug/2026:21:32:42 +0530] "GET /?route=admin HTTP/1.1" 200 2097
192.168.1.X - - [11/Aug/2026:18:45:40 +0530] "GET /?route=admin HTTP/1.1" 200 2097
192.168.1.X - - [11/Aug/2026:18:45:40 +0530] "GET /assets/css/style.css HTTP/1.1" 200 7206
192.168.1.X - - [11/Aug/2026:18:45:40 +0530] "GET /assets/css/bootstrap.min.css HTTP/1.1" 200 297885
192.168.1.X - - [11/Aug/2026:18:45:40 +0530] "GET /assets/JS/bootstrap.bundle.min.js HTTP/1.1" 200 92416
192.168.1.X - - [11/Aug/2026:18:45:40 +0530] "GET /assets/images/bg-login.png HTTP/1.1" 200 2426842
192.168.1.X - - [11/Aug/2026:21:06:04 +0530] "GET /?route=admin HTTP/1.1" 200 2097
192.168.1.X - - [11/Aug/2026:21:39:29 +0530] "GET /?route=admin HTTP/1.1" 200 2097
192.168.1.X - - [12/Aug/2026:09:32:13 +0530] "GET /admin HTTP/1.1" 404 236
192.168.1.X - - [12/Aug/2026:09:32:13 +0530] "GET /favicon.ico HTTP/1.1" 404 236
192.168.1.X - - [12/Aug/2026:09:32:34 +0530] "GET / HTTP/1.1" 200 12944
192.168.1.X - - [12/Aug/2026:09:32:35 +0530] "GET /assets/css/style.css HTTP/1.1" 200 7206
192.168.1.X - - [12/Aug/2026:09:32:35 +0530] "GET /assets/css/bootstrap.min.css HTTP/1.1" 200 297885
192.168.1.X - - [12/Aug/2026:09:32:35 +0530] "GET /assets/JS/bootstrap.bundle.min.js HTTP/1.1" 200 92416
192.168.1.X - - [12/Aug/2026:09:32:35 +0530] "GET /assets/images/festivals.png HTTP/1.1" 200 4425
192.168.1.X - - [12/Aug/2026:09:32:35 +0530] "GET /assets/images/corporate-events.png HTTP/1.1" 200 5969
192.168.1.X - - [12/Aug/2026:09:32:35 +0530] "GET /assets/images/concerts.png HTTP/1.1" 200 5700
192.168.1.X - - [12/Aug/2026:09:32:35 +0530] "GET /assets/images/concert.png HTTP/1.1" 200 2617893
192.168.1.X - - [12/Aug/2026:09:32:35 +0530] "GET /assets/images/why-choose-us.png HTTP/1.1" 200 2265311
192.168.1.X - - [12/Aug/2026:09:32:35 +0530] "GET /assets/images/Holi.png HTTP/1.1" 200 3193844
192.168.1.X - - [12/Aug/2026:09:32:35 +0530] "GET /assets/images/Networking%20night.png HTTP/1.1" 200 2296577
192.168.1.X - - [12/Aug/2026:09:32:35 +0530] "GET /assets/images/spotlight-banner.png HTTP/1.1" 200 2238859
192.168.1.X - - [12/Aug/2026:09:32:35 +0530] "GET /assets/images/electric-guitar.png HTTP/1.1" 200 12996
192.168.1.X - - [12/Aug/2026:09:32:35 +0530] "GET /assets/images/mask.png HTTP/1.1" 200 8723
192.168.1.X - - [12/Aug/2026:09:32:35 +0530] "GET /assets/images/choose-us-bg.png HTTP/1.1" 200 2451191
192.168.1.X - - [12/Aug/2026:09:32:35 +0530] "GET /assets/images/icon.png HTTP/1.1" 200 2934976
192.168.1.X - - [12/Aug/2026:09:32:41 +0530] "GET /admin HTTP/1.1" 404 236
192.168.1.X - - [12/Aug/2026:09:32:42 +0530] "GET /favicon.ico HTTP/1.1" 404 236
192.168.1.X - - [12/Aug/2026:09:32:47 +0530] "GET /adminpanel HTTP/1.1" 404 236
192.168.1.X - - [12/Aug/2026:09:32:55 +0530] "GET / HTTP/1.1" 200 12944
192.168.1.X - - [12/Aug/2026:09:32:58 +0530] "GET /?route=login HTTP/1.1" 200 2119
192.168.1.X - - [12/Aug/2026:09:32:59 +0530] "GET /assets/images/bg-login.png HTTP/1.1" 200 2426842
192.168.1.X - - [12/Aug/2026:09:33:18 +0530] "POST /?route=login HTTP/1.1" 302 -
192.168.1.X - - [12/Aug/2026:09:33:19 +0530] "GET /?route=dashboard HTTP/1.1" 200 8259
192.168.1.X - - [12/Aug/2026:09:33:19 +0530] "GET /assets/css/dashboard-event.css HTTP/1.1" 200 2214
192.168.1.X - - [12/Aug/2026:09:33:20 +0530] "GET /api/events HTTP/1.1" 404 236
192.168.1.X - - [12/Aug/2026:09:33:33 +0530] "GET /?route=orderHistory HTTP/1.1" 200 9108
192.168.1.X - - [12/Aug/2026:09:33:44 +0530] "GET /?route=events HTTP/1.1" 200 18681
192.168.1.X - - [12/Aug/2026:09:33:50 +0530] "GET /?route=dashboard HTTP/1.1" 200 8259
192.168.1.X - - [12/Aug/2026:09:33:51 +0530] "GET /api/events HTTP/1.1" 404 236
192.168.1.X - - [12/Aug/2026:09:34:20 +0530] "GET /?route=admin HTTP/1.1" 200 2097
192.168.1.X - - [12/Aug/2026:09:34:37 +0530] "POST /?route=admin HTTP/1.1" 302 -
192.168.1.X - - [12/Aug/2026:09:34:38 +0530] "GET /?route=adminPanel HTTP/1.1" 200 9353
192.168.1.X - - [12/Aug/2026:09:34:38 +0530] "GET /assets/css/adminPanel.css HTTP/1.1" 200 870
192.168.1.X - - [12/Aug/2026:09:34:38 +0530] "GET /assets/JS/popper.min.js HTTP/1.1" 200 24662
192.168.1.X - - [12/Aug/2026:09:34:39 +0530] "GET /api/events HTTP/1.1" 404 236
192.168.1.X - - [12/Aug/2026:09:34:39 +0530] "GET /api/customers HTTP/1.1" 404 236
192.168.1.X - - [12/Aug/2026:09:34:39 +0530] "GET /api/fetchEventPass HTTP/1.1" 404 236
192.168.1.X - - [12/Aug/2026:09:34:39 +0530] "GET /assets/JS/popper.min.js HTTP/1.1" 200 24662
192.168.1.X - - [12/Aug/2026:09:34:43 +0530] "GET /?route=adminPanel HTTP/1.1" 200 9353
192.168.1.X - - [12/Aug/2026:09:34:43 +0530] "GET /api/events HTTP/1.1" 404 236
192.168.1.X - - [12/Aug/2026:09:34:43 +0530] "GET /api/customers HTTP/1.1" 404 236
192.168.1.X - - [12/Aug/2026:09:34:43 +0530] "GET /api/fetchEventPass HTTP/1.1" 404 236
192.168.1.X - - [12/Aug/2026:09:34:48 +0530] "GET /?route=adminEvents HTTP/1.1" 200 30307
192.168.1.X - - [12/Aug/2026:09:35:34 +0530] "GET /?route=helpAdmin HTTP/1.1" 200 9465
192.168.1.X - - [12/Aug/2026:09:35:38 +0530] "GET /?route=deleteTicket&ticket_id=REDACTED HTTP/1.1" 302 -
192.168.1.X - - [12/Aug/2026:09:35:38 +0530] "GET /?route=helpAdmin HTTP/1.1" 200 8460
192.168.1.X - - [12/Aug/2026:09:36:39 +0530] "GET /?route=adminPanel HTTP/1.1" 200 9353
192.168.1.X - - [12/Aug/2026:09:36:40 +0530] "GET /api/events HTTP/1.1" 404 236
192.168.1.X - - [12/Aug/2026:09:36:40 +0530] "GET /api/customers HTTP/1.1" 404 236
192.168.1.X - - [12/Aug/2026:09:36:40 +0530] "GET /api/fetchEventPass HTTP/1.1" 404 236